// Jest Snapshot v1, https://goo.gl/fbAQLP

exports[`Home renders without crashing 1`] = `
<div
  className="jumbotron jumbotron-home"
>
  <nav
    className="navbar navbar-expand-lg navhome navbar-light bg-transparent fixed-top"
  >
    <a
      className="navbar-brand"
      href="/"
      onClick={[Function]}
    >
      <span
        className="white"
      >
        WeConnect
      </span>
    </a>
    <button
      aria-controls="topnav"
      aria-expanded="false"
      aria-label="Toggle navigation"
      className="navbar-toggler"
      data-target="#topnav"
      data-toggle="collapse"
      type="button"
    >
      <span
        className="navbar-toggler-icon"
      />
    </button>
    <div
      className="collapse navbar-collapse"
      id="topnav"
    >
      <ul
        className="navbar-nav ml-auto white"
      >
        <li
          className="nav-item"
        >
          <a
            className="nav-link"
            href="/"
            onClick={[Function]}
          >
            Home
          </a>
        </li>
        <li
          className="nav-item"
        >
          <a
            className="nav-link"
            href="/register"
            onClick={[Function]}
          >
            Signup
          </a>
        </li>
        <li
          className="nav-item"
        >
          <a
            className="nav-link"
            href="/login"
            onClick={[Function]}
          >
            Login
          </a>
        </li>
        
      </ul>
    </div>
  </nav>
  <div
    className="row"
  >
    <div
      className="col-md-1 col-sm-12 col-xm-12"
    />
    <div
      className="col-md-10 col-sm-12 col-xm-12"
    >
      <div
        className="card"
      >
        <div
          className="card-header"
        >
          <h5
            className="card-title text-center"
          >
            Find and connect to a businesses
          </h5>
        </div>
        <div
          className="card-body"
        >
          <form
            className="form-inline"
          >
            <label
              className="sr-only"
            >
              Business Name
            </label>
            <input
              className="form-control ml-auto"
              name="bsname"
              placeholder="Search by name"
              type="text"
            />
            <label
              className="sr-only"
            >
              Location
            </label>
            <input
              className="form-control ml-auto"
              name="location"
              placeholder="Search by Location"
              type="text"
            />
            <label
              className="sr-only"
            >
              Category
            </label>
            <input
              className="form-control ml-auto"
              name="category"
              placeholder="Search by Catogory"
              type="text"
            />
            <button
              className="btn btn-success ml-auto"
            >
              Search
            </button>
          </form>
        </div>
      </div>
    </div>
    <div
      className="col-md-1 col-sm-12 col-xm-12"
    />
  </div>
</div>
`;
