// Jest Snapshot v1, https://goo.gl/fbAQLP

exports[`NavBar renders without crashing 1`] = `
<nav
  className="navbar navbar-expand-lg navbar-light fixed-top navbarcolor"
>
  <a
    className="navbar-brand"
    href="/"
    onClick={[Function]}
  >
    <span
      className=""
    >
      WeConnect
    </span>
  </a>
  <button
    aria-controls="topnav"
    aria-expanded="false"
    aria-label="Toggle navigation"
    className="navbar-toggler"
    data-target="#topnav"
    data-toggle="collapse"
    type="button"
  >
    <span
      className="navbar-toggler-icon"
    />
  </button>
  <div
    className="collapse navbar-collapse"
    id="topnav"
  >
    <ul
      className="navbar-nav ml-auto "
    >
      <li
        className="nav-item"
      >
        <a
          className="nav-link"
          href="/"
          onClick={[Function]}
        >
          Home
        </a>
      </li>
      <li
        className="nav-item"
      >
        <a
          className="nav-link"
          href="/register"
          onClick={[Function]}
        >
          Signup
        </a>
      </li>
      <li
        className="nav-item"
      >
        <a
          className="nav-link"
          href="/login"
          onClick={[Function]}
        >
          Login
        </a>
      </li>
      
    </ul>
  </div>
</nav>
`;
