// Jest Snapshot v1, https://goo.gl/fbAQLP

exports[`Register renders without crashing 1`] = `
<div>
  <div>
    <nav
      className="navbar navbar-expand-lg navhome navbar-light bg-transparent fixed-top"
    >
      <div
        className="container"
      >
        <a
          className="navbar-brand"
          href="/"
          onClick={[Function]}
        >
          <span
            className="white"
          >
            WeConnect
          </span>
        </a>
        <button
          aria-controls="topnav"
          aria-expanded="false"
          aria-label="Toggle navigation"
          className="navbar-toggler"
          data-target="#topnav"
          data-toggle="collapse"
          type="button"
        >
          <span
            className="navbar-toggler-icon"
          />
        </button>
        <div
          className="collapse navbar-collapse"
          id="topnav"
        >
          <ul
            className="navbar-nav ml-auto white"
          >
            <li
              className="nav-item"
            >
              <a
                className="nav-link"
                href="/"
                onClick={[Function]}
              >
                Home
              </a>
            </li>
            <li
              className="nav-item"
            >
              <a
                className="nav-link"
                href="/register"
                onClick={[Function]}
              >
                Signup
              </a>
            </li>
            <li
              className="nav-item"
            >
              <a
                className="nav-link"
                href="/login"
                onClick={[Function]}
              >
                Login
              </a>
            </li>
          </ul>
        </div>
      </div>
    </nav>
  </div>
  <div
    className="container wrapper"
  >
    <div
      className="main-center"
    >
      <div
        className="card"
      >
        <div
          className="card-body"
        >
          <h3>
            Create Account
          </h3>
          <form
            className="form"
            noValidate={true}
            onSubmit={[Function]}
          >
            <label
              htmlFor="username"
            >
              Username
            </label>
            <input
              className="form-control "
              name="username"
              onChange={[Function]}
              type="text"
              value=""
            />
            <label
              htmlFor="email"
            >
              Email
            </label>
            <input
              className="form-control "
              name="email"
              onChange={[Function]}
              type="email"
              value=""
            />
            <label
              htmlFor="first_name"
            >
              First Name
            </label>
            <input
              className="form-control "
              name="first_name"
              onChange={[Function]}
              type="text"
              value=""
            />
            <label
              htmlFor="last_name"
            >
              Last Name
            </label>
            <input
              className="form-control "
              name="last_name"
              onChange={[Function]}
              type="text"
              value={undefined}
            />
            <label
              htmlFor="password"
            >
              Password
            </label>
            <input
              className="form-control "
              name="password"
              onChange={[Function]}
              type="password"
            />
            <label
              htmlFor="confirm_password"
            >
              Confirm Password
            </label>
            <input
              className="form-control "
              name="confirm_password"
              onChange={[Function]}
              type="password"
            />
            <br />
            <button
              className="btn btn-lg btn-success btn-block btn-signin"
              type="submit"
            >
              Register
            </button>
            <p
              className="message"
            >
              Alredy registered? 
              <a
                href="/login"
                onClick={[Function]}
              >
                Signin
              </a>
            </p>
          </form>
        </div>
      </div>
    </div>
  </div>
</div>
`;
