// Jest Snapshot v1, https://goo.gl/fbAQLP

exports[`RegisterForm renders without crashing 1`] = `
<div
  className="container wrapper"
>
  <div
    className="main-center"
  >
    <div
      className="card"
    >
      <div
        className="card-body"
      >
        <h3>
          Create Account
        </h3>
        <form
          className="form"
          noValidate={true}
          onSubmit={[Function]}
        >
          <label
            htmlFor="username"
          >
            Username
          </label>
          <input
            className="form-control "
            name="username"
            onChange={[Function]}
            type="text"
            value=""
          />
          <label
            htmlFor="email"
          >
            Email
          </label>
          <input
            className="form-control "
            name="email"
            onChange={[Function]}
            type="email"
            value=""
          />
          <label
            htmlFor="first_name"
          >
            First Name
          </label>
          <input
            className="form-control "
            name="first_name"
            onChange={[Function]}
            type="text"
            value=""
          />
          <label
            htmlFor="last_name"
          >
            Last Name
          </label>
          <input
            className="form-control "
            name="last_name"
            onChange={[Function]}
            type="text"
            value={undefined}
          />
          <label
            htmlFor="password"
          >
            Password
          </label>
          <input
            className="form-control "
            name="password"
            onChange={[Function]}
            type="password"
          />
          <label
            htmlFor="confirm_password"
          >
            Confirm Password
          </label>
          <input
            className="form-control "
            name="confirm_password"
            onChange={[Function]}
            type="password"
          />
          <br />
          <button
            className="btn btn-lg btn-success btn-block btn-signin"
            type="submit"
          >
            Register
          </button>
          <p
            className="message"
          >
            Alredy registered? 
            <a
              href="/login"
              onClick={[Function]}
            >
              Signin
            </a>
          </p>
        </form>
      </div>
    </div>
  </div>
</div>
`;
